
> my-project@0.1.0 build
> node scripts/build.js

Building with clean environment...
   Ôû▓ Next.js 15.5.13
   - Environments: .env.local, .env

   Creating an optimized production build ...
 Ô£ô Compiled successfully in 2.3min
   Skipping validation of types
   Skipping linting
   Collecting page data ...
[Prisma] Creating new client instance
[Prisma] Creating new client instance
[Prisma] Creating new client instance
[Prisma] Creating new client instance
[Prisma] Creating new client instance
[Prisma] Creating new client instance
[Prisma] Creating new client instance
[Prisma] Creating new client instance
[Prisma] Creating new client instance
   Generating static pages (0/206) ...
[Prisma] Creating new client instance
[TagsPage] organizationId: null
[TagsPage] isLoading: false
[TagsPage] tags count: 0
[TagsPage] error: null
[Prisma] Creating new client instance
[Prisma] Creating new client instance
[Prisma] Creating new client instance
[Prisma] Creating new client instance
[Prisma] Creating new client instance
[Prisma] Creating new client instance
[Prisma] Creating new client instance
   Generating static pages (51/206) 
   Generating static pages (102/206) 
   Generating static pages (154/206) 
 Ô£ô Generating static pages (206/206)
node.exe : 
No linha:1 caractere:1
+ & "C:\nvm4w\nodejs/node.exe" "C:\nvm4w\nodejs/node_modules/npm/bin/np ...
+ ~~~~~~~~~~~~~~~~~~~~~~~~~~~~~~~~~~~~~~~~~~~~~~~~~~~~~~~~~~~~~~~~~~~~~
    + CategoryInfo          : NotSpecified: (:String) [], RemoteException
    + FullyQualifiedErrorId : NativeCommandError
 
> Build error occurred
[Error: ENOENT: no such file or directory, rename 
'C:\Users\gmora\Downloads\b_T5RdTRTLxF8-1772119549385\.next\export\500.html' -> 
'C:\Users\gmora\Downloads\b_T5RdTRTLxF8-1772119549385\.next\server\pages\500.html'] {
  errno: -4058,
  code: 'ENOENT',
  syscall: 'rename',
  path: 'C:\\Users\\gmora\\Downloads\\b_T5RdTRTLxF8-1772119549385\\.next\\export\\500.html',
  dest: 'C:\\Users\\gmora\\Downloads\\b_T5RdTRTLxF8-1772119549385\\.next\\server\\pages\\500.html'
}
